// Jest Snapshot v1, https://goo.gl/fbAQLP

exports[`<Facebook /> 1`] = `
<a
  href="a"
>
  <Icon
    color="#1c3050"
    kind="facebook"
    size={24}
  />
</a>
`;
